STEP 1/11: FROM sha256:de0f04bb2bdd83d6c2a6ab8a72737852df73e3a2a4e85750434a61a88ca5a3c4
STEP 2/11: COPY setup.sh /trigon/setup.sh
--> Using cache 57f81a112107758eab92b1ff444579b946484e1d80c6d37c4d3e03887d304a62
--> 57f81a112107
STEP 3/11: RUN /bin/sh /trigon/setup.sh
--> Using cache 8f64aa7d30dceae36297266ca9bd96c3d8de746b9a6f225d543564d4a166af32
--> 8f64aa7d30dc
STEP 4/11: COPY src /src
--> 4683f469cc74
STEP 5/11: RUN mkdir -p /out
time="2026-09-15T23:07:28-04:00" level=warning msg="can't raise ambient capability CAP_CHOWN: operation not permitted"
time="2026-09-15T23:07:28-04:00" level=warning msg="can't raise ambient capability CAP_DAC_OVERRIDE: operation not permitted"
time="2026-09-15T23:07:28-04:00" level=warning msg="can't raise ambient capability CAP_FOWNER: operation not permitted"
time="2026-09-15T23:07:28-04:00" level=warning msg="can't raise ambient capability CAP_FSETID: operation not permitted"
time="2026-09-15T23:07:28-04:00" level=warning msg="can't raise ambient capability CAP_KILL: operation not permitted"
time="2026-09-15T23:07:28-04:00" level=warning msg="can't raise ambient capability CAP_NET_BIND_SERVICE: operation not permitted"
time="2026-09-15T23:07:28-04:00" level=warning msg="can't raise ambient capability CAP_SETFCAP: operation not permitted"
time="2026-09-15T23:07:28-04:00" level=warning msg="can't raise ambient capability CAP_SETGID: operation not permitted"
time="2026-09-15T23:07:28-04:00" level=warning msg="can't raise ambient capability CAP_SETPCAP: operation not permitted"
time="2026-09-15T23:07:28-04:00" level=warning msg="can't raise ambient capability CAP_SETUID: operation not permitted"
time="2026-09-15T23:07:28-04:00" level=warning msg="can't raise ambient capability CAP_SYS_CHROOT: operation not permitted"
--> 3e3a32372311
STEP 6/11: WORKDIR /src
--> 317a4fe16b9b
STEP 7/11: COPY source.sh /trigon/source.sh
--> 4cc4ca6f4f4e
STEP 8/11: RUN /bin/sh /trigon/source.sh
time="2026-09-15T23:07:29-04:00" level=warning msg="can't raise ambient capability CAP_CHOWN: operation not permitted"
time="2026-09-15T23:07:29-04:00" level=warning msg="can't raise ambient capability CAP_DAC_OVERRIDE: operation not permitted"
time="2026-09-15T23:07:29-04:00" level=warning msg="can't raise ambient capability CAP_FOWNER: operation not permitted"
time="2026-09-15T23:07:29-04:00" level=warning msg="can't raise ambient capability CAP_FSETID: operation not permitted"
time="2026-09-15T23:07:29-04:00" level=warning msg="can't raise ambient capability CAP_KILL: operation not permitted"
time="2026-09-15T23:07:29-04:00" level=warning msg="can't raise ambient capability CAP_NET_BIND_SERVICE: operation not permitted"
time="2026-09-15T23:07:29-04:00" level=warning msg="can't raise ambient capability CAP_SETFCAP: operation not permitted"
time="2026-09-15T23:07:29-04:00" level=warning msg="can't raise ambient capability CAP_SETGID: operation not permitted"
time="2026-09-15T23:07:29-04:00" level=warning msg="can't raise ambient capability CAP_SETPCAP: operation not permitted"
time="2026-09-15T23:07:29-04:00" level=warning msg="can't raise ambient capability CAP_SETUID: operation not permitted"
time="2026-09-15T23:07:29-04:00" level=warning msg="can't raise ambient capability CAP_SYS_CHROOT: operation not permitted"
HEAD is now at e87600e Version Packages (#4388)
--> 9703a7f66542
STEP 9/11: COPY deps.sh /trigon/deps.sh
--> b15327786e9f
STEP 10/11: COPY build.sh /build
--> 4f5636135905
STEP 11/11: ENTRYPOINT ["/bin/sh", "/build"]
COMMIT trigon-build:ee1d78315692-477910
--> a04397b2fd25
Successfully tagged localhost/trigon-build:ee1d78315692-477910
a04397b2fd259ea6c7970416726f5621751f7b02c3d45ab57c3aee2357130c43
+ /bin/sh /trigon/deps.sh
--2026-09-16 03:07:30--  http://timewarp:8129/-toolchain/nodejs.org/dist/v16.20.2/node-v16.20.2-linux-x64.tar.gz
Resolving timewarp (timewarp)... 10.89.0.2
Connecting to timewarp (timewarp)|10.89.0.2|:8129... connected.
HTTP request sent, awaiting response... 200 OK
Length: unspecified [application/gzip]
Saving to: 'STDOUT'

     0K .......... .......... .......... .......... .......... 14.0M
    50K .......... .......... .......... .......... .......... 1.37M
   100K .......... .......... .......... .......... .......... 11.0M
   150K .......... .......... .......... .......... .......... 4.58M
   200K .......... .......... .......... .......... .......... 7.71M
   250K .......... .......... .......... .......... .......... 8.71M
   300K .......... .......... .......... .......... .......... 13.5M
   350K .......... .......... .......... .......... .......... 16.7M
   400K .......... .......... .......... .......... .......... 14.2M
   450K .......... .......... .......... .......... .......... 47.3M
   500K .......... .......... .......... .......... .......... 13.0M
   550K .......... .......... .......... .......... .......... 9.90M
   600K .......... .......... .......... .......... .......... 7.05M
   650K .......... .......... .......... .......... .......... 52.2M
   700K .......... .......... .......... .......... .......... 44.8M
   750K .......... .......... .......... .......... .......... 80.3M
   800K .......... .......... .......... .......... .......... 52.8M
   850K .......... .......... .......... .......... .......... 19.0M
   900K .......... .......... .......... .......... .......... 49.6M
   950K .......... .......... .......... .......... .......... 57.2M
  1000K .......... .......... .......... .......... .......... 34.6M
  1050K .......... .......... .......... .......... .......... 75.3M
  1100K .......... .......... .......... .......... .......... 21.4M
  1150K .......... .......... .......... .......... .......... 48.4M
  1200K .......... .......... .......... .......... ..........  811M
  1250K .......... .......... .......... .......... .......... 5.34M
  1300K .......... .......... .......... .......... .......... 26.3M
  1350K .......... .......... .......... .......... .......... 41.2M
  1400K .......... .......... .......... .......... .......... 16.5M
  1450K .......... .......... .......... .......... ..........  723M
  1500K .......... .......... .......... .......... ..........  733M
  1550K .......... .......... .......... .......... .......... 67.9M
  1600K .......... .......... .......... .......... .......... 27.5M
  1650K .......... .......... .......... .......... .......... 13.7M
  1700K .......... .......... .......... .......... ..........  833M
  1750K .......... .......... .......... .......... ..........  641M
  1800K .......... .......... .......... .......... .......... 94.6M
  1850K .......... .......... .......... .......... .......... 55.8M
  1900K .......... .......... .......... .......... .......... 10.8M
  1950K .......... .......... .......... .......... ..........  871M
  2000K .......... .......... .......... .......... ..........  744M
  2050K .......... .......... .......... .......... ..........  693M
  2100K .......... .......... .......... .......... ..........  689M
  2150K .......... .......... .......... .......... .......... 8.59M
  2200K .......... .......... .......... .......... ..........  560M
  2250K .......... .......... .......... .......... ..........  626M
  2300K .......... .......... .......... .......... ..........  722M
  2350K .......... .......... .......... .......... ..........  661M
  2400K .......... .......... .......... .......... .......... 8.42M
  2450K .......... .......... .......... .......... ..........  904M
  2500K .......... .......... .......... .......... ..........  773M
  2550K .......... .......... .......... .......... ..........  825M
  2600K .......... .......... .......... .......... ..........  265M
  2650K .......... .......... .......... .......... .......... 11.0M
  2700K .......... .......... .......... .......... ..........  586M
  2750K .......... .......... .......... .......... ..........  827M
  2800K .......... .......... .......... .......... ..........  665M
  2850K .......... .......... .......... .......... ..........  633M
  2900K .......... .......... .......... .......... .......... 89.0M
  2950K .......... .......... .......... .......... .......... 11.5M
  3000K .......... .......... .......... .......... ..........  632M
  3050K .......... .......... .......... .......... ..........  652M
  3100K .......... .......... .......... .......... ..........  783M
  3150K .......... .......... .......... .......... ..........  778M
  3200K .......... .......... .......... .......... .......... 8.55M
  3250K .......... .......... .......... .......... ..........  743M
  3300K .......... .......... .......... .......... ..........  726M
  3350K .......... .......... .......... .......... ..........  835M
  3400K .......... .......... .......... .......... ..........  795M
  3450K .......... .......... .......... .......... .......... 9.31M
  3500K .......... .......... .......... .......... ..........  808M
  3550K .......... .......... .......... .......... ..........  648M
  3600K .......... .......... .......... .......... ..........  780M
  3650K .......... .......... .......... .......... ..........  456M
  3700K .......... .......... .......... .......... .......... 10.8M
  3750K .......... .......... .......... .......... ..........  499M
  3800K .......... .......... .......... .......... ..........  712M
  3850K .......... .......... .......... .......... ..........  651M
  3900K .......... .......... .......... .......... ..........  675M
  3950K .......... .......... .......... .......... .......... 10.2M
  4000K .......... .......... .......... .......... ..........  624M
  4050K .......... .......... .......... .......... ..........  664M
  4100K .......... .......... .......... .......... ..........  770M
  4150K .......... .......... .......... .......... ..........  729M
  4200K .......... .......... .......... .......... .......... 10.4M
  4250K .......... .......... .......... .......... ..........  646M
  4300K .......... .......... .......... .......... ..........  758M
  4350K .......... .......... .......... .......... ..........  499M
  4400K .......... .......... .......... .......... ..........  858M
  4450K .......... .......... .......... .......... .......... 10.6M
  4500K .......... .......... .......... .......... ..........  868M
  4550K .......... .......... .......... .......... ..........  627M
  4600K .......... .......... .......... .......... ..........  675M
  4650K .......... .......... .......... .......... ..........  621M
  4700K .......... .......... .......... .......... .......... 10.1M
  4750K .......... .......... .......... .......... ..........  584M
  4800K .......... .......... .......... .......... ..........  633M
  4850K .......... .......... .......... .......... ..........  610M
  4900K .......... .......... .......... .......... ..........  690M
  4950K .......... .......... .......... .......... ..........  645M
  5000K .......... .......... .......... .......... .......... 11.0M
  5050K .......... .......... .......... .......... ..........  287M
  5100K .......... .......... .......... .......... ..........  846M
  5150K .......... .......... .......... .......... ..........  664M
  5200K .......... .......... .......... .......... ..........  556M
  5250K .......... .......... .......... .......... .......... 11.9M
  5300K .......... .......... .......... .......... ..........  716M
  5350K .......... .......... .......... .......... ..........  672M
  5400K .......... .......... .......... .......... ..........  701M
  5450K .......... .......... .......... .......... ..........  733M
  5500K .......... .......... .......... .......... .......... 10.3M
  5550K .......... .......... .......... .......... ..........  452M
  5600K .......... .......... .......... .......... .......... 99.2M
  5650K .......... .......... .......... .......... ..........  672M
  5700K .......... .......... .......... .......... ..........  400M
  5750K .......... .......... .......... .......... .......... 11.4M
  5800K .......... .......... .......... .......... ..........  532M
  5850K .......... .......... .......... .......... ..........  741M
  5900K .......... .......... .......... .......... ..........  377M
  5950K .......... .......... .......... .......... ..........  746M
  6000K .......... .......... .......... .......... .......... 11.4M
  6050K .......... .......... .......... .......... ..........  300M
  6100K .......... .......... .......... .......... ..........  625M
  6150K .......... .......... .......... .......... ..........  255M
  6200K .......... .......... .......... .......... ..........  623M
  6250K .......... .......... .......... .......... .......... 10.8M
  6300K .......... .......... .......... .......... ..........  705M
  6350K .......... .......... .......... .......... ..........  853M
  6400K .......... .......... .......... .......... ..........  627M
  6450K .......... .......... .......... .......... ..........  301M
  6500K .......... .......... .......... .......... .......... 12.1M
  6550K .......... .......... .......... .......... ..........  785M
  6600K .......... .......... .......... .......... ..........  764M
  6650K .......... .......... .......... .......... ..........  598M
  6700K .......... .......... .......... .......... ..........  721M
  6750K .......... .......... .......... .......... .......... 10.4M
  6800K .......... .......... .......... .......... ..........  505M
  6850K .......... .......... .......... .......... ..........  767M
  6900K .......... .......... .......... .......... ..........  735M
  6950K .......... .......... .......... .......... ..........  730M
  7000K .......... .......... .......... .......... .......... 10.7M
  7050K .......... .......... .......... .......... ..........  629M
  7100K .......... .......... .......... .......... ..........  351M
  7150K .......... .......... .......... .......... ..........  636M
  7200K .......... .......... .......... .......... ..........  785M
  7250K .......... .......... .......... .......... ..........  617M
  7300K .......... .......... .......... .......... .......... 10.4M
  7350K .......... .......... .......... .......... ..........  779M
  7400K .......... .......... .......... .......... ..........  698M
  7450K .......... .......... .......... .......... ..........  402M
  7500K .......... .......... .......... .......... ..........  579M
  7550K .......... .......... .......... .......... .......... 10.3M
  7600K .......... .......... .......... .......... ..........  600M
  7650K .......... .......... .......... .......... ..........  390M
  7700K .......... .......... .......... .......... ..........  703M
  7750K .......... .......... .......... .......... ..........  782M
  7800K .......... .......... .......... .......... .......... 12.1M
  7850K .......... .......... .......... .......... ..........  584M
  7900K .......... .......... .......... .......... ..........  669M
  7950K .......... .......... .......... .......... ..........  420M
  8000K .......... .......... .......... .......... ..........  729M
  8050K .......... .......... .......... .......... .......... 11.2M
  8100K .......... .......... .......... .......... ..........  687M
  8150K .......... .......... .......... .......... ..........  550M
  8200K .......... .......... .......... .......... ..........  747M
  8250K .......... .......... .......... .......... ..........  446M
  8300K .......... .......... .......... .......... .......... 11.6M
  8350K .......... .......... .......... .......... ..........  446M
  8400K .......... .......... .......... .......... ..........  720M
  8450K .......... .......... .......... .......... ..........  795M
  8500K .......... .......... .......... .......... ..........  849M
  8550K .......... .......... .......... .......... .......... 16.9M
  8600K .......... .......... .......... .......... ..........  391M
  8650K .......... .......... .......... .......... ..........  604M
  8700K .......... .......... .......... .......... ..........  597M
  8750K .......... .......... .......... .......... ..........  570M
  8800K .......... .......... .......... .......... .......... 10.7M
  8850K .......... .......... .......... .......... ..........  739M
  8900K .......... .......... .......... .......... ..........  795M
  8950K .......... .......... .......... .......... ..........  797M
  9000K .......... .......... .......... .......... ..........  671M
  9050K .......... .......... .......... .......... .......... 11.1M
  9100K .......... .......... .......... .......... ..........  493M
  9150K .......... .......... .......... .......... ..........  329M
  9200K .......... .......... .......... .......... ..........  712M
  9250K .......... .......... .......... .......... ..........  833M
  9300K .......... .......... .......... .......... ..........  739M
  9350K .......... .......... .......... .......... .......... 11.6M
  9400K .......... .......... .......... .......... ..........  803M
  9450K .......... .......... .......... .......... ..........  394M
  9500K .......... .......... .......... .......... ..........  575M
  9550K .......... .......... .......... .......... ..........  805M
  9600K .......... .......... .......... .......... .......... 11.2M
  9650K .......... .......... .......... .......... ..........  612M
  9700K .......... .......... .......... .......... ..........  626M
  9750K .......... .......... .......... .......... ..........  727M
  9800K .......... .......... .......... .......... ..........  440M
  9850K .......... .......... .......... .......... .......... 11.8M
  9900K .......... .......... .......... .......... ..........  505M
  9950K .......... .......... .......... .......... ..........  720M
 10000K .......... .......... .......... .......... ..........  520M
 10050K .......... .......... .......... .......... ..........  823M
 10100K .......... .......... .......... .......... .......... 12.2M
 10150K .......... .......... .......... .......... ..........  775M
 10200K .......... .......... .......... .......... ..........  791M
 10250K .......... .......... .......... .......... ..........  631M
 10300K .......... .......... .......... .......... ..........  434M
 10350K .......... .......... .......... .......... .......... 11.0M
 10400K .......... .......... .......... .......... ..........  767M
 10450K .......... .......... .......... .......... ..........  580M
 10500K .......... .......... .......... .......... ..........  732M
 10550K .......... .......... .......... .......... ..........  895M
 10600K .......... .......... .......... .......... .......... 10.7M
 10650K .......... .......... .......... .......... ..........  497M
 10700K .......... .......... .......... .......... ..........  726M
 10750K .......... .......... .......... .......... ..........  683M
 10800K .......... .......... .......... .......... ..........  747M
 10850K .......... .......... .......... .......... .......... 11.0M
 10900K .......... .......... .......... .......... ..........  718M
 10950K .......... .......... .......... .......... ..........  452M
 11000K .......... .......... .......... .......... ..........  678M
 11050K .......... .......... .......... .......... ..........  518M
 11100K .......... .......... .......... .......... .......... 10.9M
 11150K .......... .......... .......... .......... ..........  379M
 11200K .......... .......... .......... .......... ..........  692M
 11250K .......... .......... .......... .......... ..........  686M
 11300K .......... .......... .......... .......... ..........  844M
 11350K .......... .......... .......... .......... ..........  778M
 11400K .......... .......... .......... .......... .......... 4.51M
 11450K .......... .......... .......... .......... .......... 98.2M
 11500K .......... .......... .......... .......... ..........  252M
 11550K .......... .......... .......... .......... ..........  858M
 11600K .......... .......... .......... .......... ..........  710M
 11650K .......... .......... .......... .......... .......... 9.01M
 11700K .......... .......... .......... .......... ..........  680M
 11750K .......... .......... .......... .......... ..........  799M
 11800K .......... .......... .......... .......... ..........  379M
 11850K .......... .......... .......... .......... ..........  554M
 11900K .......... .......... .......... .......... .......... 7.47M
 11950K .......... .......... .......... .......... ..........  785M
 12000K .......... .......... .......... .......... ..........  654M
 12050K .......... .......... .......... .......... ..........  746M
 12100K .......... .......... .......... .......... ..........  913M
 12150K .......... .......... .......... .......... .......... 8.15M
 12200K .......... .......... .......... .......... ..........  245M
 12250K .......... .......... .......... .......... ..........  594M
 12300K .......... .......... .......... .......... ..........  731M
 12350K .......... .......... .......... .......... ..........  410M
 12400K .......... .......... .......... .......... .......... 8.21M
 12450K .......... .......... .......... .......... ..........  812M
 12500K .......... .......... .......... .......... ..........  796M
 12550K .......... .......... .......... .......... ..........  695M
 12600K .......... .......... .......... .......... ..........  694M
 12650K .......... .......... .......... .......... .......... 8.24M
 12700K .......... .......... .......... .......... ..........  630M
 12750K .......... .......... .......... .......... ..........  825M
 12800K .......... .......... .......... .......... ..........  733M
 12850K .......... .......... .......... .......... ..........  865M
 12900K .......... .......... .......... .......... .......... 11.7M
 12950K .......... .......... .......... .......... ..........  396M
 13000K .......... .......... .......... .......... ..........  474M
 13050K .......... .......... .......... .......... ..........  765M
 13100K .......... .......... .......... .......... ..........  867M
 13150K .......... .......... .......... .......... ..........  717M
 13200K .......... .......... .......... .......... .......... 10.1M
 13250K .......... .......... .......... .......... ..........  854M
 13300K .......... .......... .......... .......... ..........  286M
 13350K .......... .......... .......... .......... ..........  644M
 13400K .......... .......... .......... .......... ..........  509M
 13450K .......... .......... .......... .......... .......... 10.4M
 13500K .......... .......... .......... .......... ..........  427M
 13550K .......... .......... .......... .......... ..........  819M
 13600K .......... .......... .......... .......... ..........  688M
 13650K .......... .......... .......... .......... ..........  754M
 13700K .......... .......... .......... .......... .......... 24.7M
 13750K .......... .......... .......... .......... ..........  672M
 13800K .......... .......... .......... .......... ..........  520M
 13850K .......... .......... .......... .......... ..........  330M
 13900K .......... .......... .......... .......... ..........  781M
 13950K .......... .......... .......... .......... .......... 32.6M
 14000K .......... .......... .......... .......... ..........  699M
 14050K .......... .......... .......... .......... ..........  791M
 14100K .......... .......... .......... .......... ..........  429M
 14150K .......... .......... .......... .......... ..........  255M
 14200K .......... .......... .......... .......... .......... 15.1M
 14250K .......... .......... .......... .......... ..........  705M
 14300K .......... .......... .......... .......... ..........  687M
 14350K .......... .......... .......... .......... ..........  744M
 14400K .......... .......... .......... .......... ..........  853M
 14450K .......... .......... .......... .......... .......... 9.65M
 14500K .......... .......... .......... .......... ..........  364M
 14550K .......... .......... .......... .......... ..........  638M
 14600K .......... .......... .......... .......... ..........  636M
 14650K .......... .......... .......... .......... ..........  502M
 14700K .......... .......... .......... .......... .......... 11.3M
 14750K .......... .......... .......... .......... ..........  612M
 14800K .......... .......... .......... .......... ..........  744M
 14850K .......... .......... .......... .......... ..........  802M
 14900K .......... .......... .......... .......... ..........  733M
 14950K .......... .......... .......... .......... .......... 15.1M
 15000K .......... .......... .......... .......... ..........  416M
 15050K .......... .......... .......... .......... ..........  738M
 15100K .......... .......... .......... .......... ..........  629M
 15150K .......... .......... .......... .......... ..........  867M
 15200K .......... .......... .......... .......... .......... 15.7M
 15250K .......... .......... .......... .......... ..........  660M
 15300K .......... .......... .......... .......... ..........  418M
 15350K .......... .......... .......... .......... ..........  380M
 15400K .......... .......... .......... .......... ..........  626M
 15450K .......... .......... .......... .......... ..........  620M
 15500K .......... .......... .......... .......... .......... 16.1M
 15550K .......... .......... .......... .......... ..........  573M
 15600K .......... .......... .......... .......... ..........  773M
 15650K .......... .......... .......... .......... ..........  501M
 15700K .......... .......... .......... .......... ..........  517M
 15750K .......... .......... .......... .......... .......... 15.9M
 15800K .......... .......... .......... .......... ..........  564M
 15850K .......... .......... .......... .......... ..........  576M
 15900K .......... .......... .......... .......... ..........  598M
 15950K .......... .......... .......... .......... ..........  753M
 16000K .......... .......... .......... .......... .......... 15.8M
 16050K .......... .......... .......... .......... ..........  745M
 16100K .......... .......... .......... .......... ..........  829M
 16150K .......... .......... .......... .......... ..........  708M
 16200K .......... .......... .......... .......... ..........  539M
 16250K .......... .......... .......... .......... .......... 12.1M
 16300K .......... .......... .......... .......... ..........  793M
 16350K .......... .......... .......... .......... ..........  744M
 16400K .......... .......... .......... .......... ..........  687M
 16450K .......... .......... .......... .......... ..........  717M
 16500K .......... .......... .......... .......... .......... 14.7M
 16550K .......... .......... .......... .......... ..........  732M
 16600K .......... .......... .......... .......... ..........  391M
 16650K .......... .......... .......... .......... ..........  594M
 16700K .......... .......... .......... .......... ..........  802M
 16750K .......... .......... .......... .......... .......... 12.3M
 16800K .......... .......... .......... .......... ..........  825M
 16850K .......... .......... .......... .......... ..........  693M
 16900K .......... .......... .......... .......... ..........  391M
 16950K .......... .......... .......... .......... ..........  890M
 17000K .......... .......... .......... .......... .......... 9.27M
 17050K .......... .......... .......... .......... ..........  535M
 17100K .......... .......... .......... .......... ..........  559M
 17150K .......... .......... .......... .......... ..........  817M
 17200K .......... .......... .......... .......... ..........  667M
 17250K .......... .......... .......... .......... .......... 9.65M
 17300K .......... .......... .......... .......... ..........  749M
 17350K .......... .......... .......... .......... ..........  690M
 17400K .......... .......... .......... .......... ..........  441M
 17450K .......... .......... .......... .......... ..........  512M
 17500K .......... .......... .......... .......... .......... 8.77M
 17550K .......... .......... .......... .......... ..........  743M
 17600K .......... .......... .......... .......... ..........  830M
 17650K .......... .......... .......... .......... ..........  678M
 17700K .......... .......... .......... .......... ..........  730M
 17750K .......... .......... .......... .......... ..........  491M
 17800K .......... .......... .......... .......... .......... 15.9M
 17850K .......... .......... .......... .......... ..........  444M
 17900K .......... .......... .......... .......... ..........  678M
 17950K .......... .......... .......... .......... ..........  718M
 18000K .......... .......... .......... .......... ..........  803M
 18050K .......... .......... .......... .......... .......... 9.78M
 18100K .......... .......... .......... .......... ..........  720M
 18150K .......... .......... .......... .......... ..........  425M
 18200K .......... .......... .......... .......... ..........  546M
 18250K .......... .......... .......... .......... ..........  712M
 18300K .......... .......... .......... .......... .......... 9.38M
 18350K .......... .......... .......... .......... ..........  829M
 18400K .......... .......... .......... .......... ..........  843M
 18450K .......... .......... .......... .......... ..........  779M
 18500K .......... .......... .......... .......... ..........  741M
 18550K .......... .......... .......... .......... .......... 10.0M
 18600K .......... .......... .......... .......... ..........  476M
 18650K .......... .......... .......... .......... ..........  382M
 18700K .......... .......... .......... .......... ..........  794M
 18750K .......... .......... .......... .......... ..........  852M
 18800K .......... .......... .......... .......... .......... 8.87M
 18850K .......... .......... .......... .......... ..........  716M
 18900K .......... .......... .......... .......... ..........  522M
 18950K .......... .......... .......... .......... ..........  580M
 19000K .......... .......... .......... .......... ..........  458M
 19050K .......... .......... .......... .......... .......... 11.7M
 19100K .......... .......... .......... .......... ..........  830M
 19150K .......... .......... .......... .......... ..........  735M
 19200K .......... .......... .......... .......... ..........  723M
 19250K .......... .......... .......... .......... ..........  752M
 19300K .......... .......... .......... .......... .......... 13.1M
 19350K .......... .......... .......... .......... ..........  549M
 19400K .......... .......... .......... .......... ..........  572M
 19450K .......... .......... .......... .......... ..........  643M
 19500K .......... .......... .......... .......... ..........  595M
 19550K .......... .......... .......... .......... .......... 11.2M
 19600K .......... .......... .......... .......... ..........  676M
 19650K .......... .......... .......... .......... ..........  721M
 19700K .......... .......... .......... .......... ..........  761M
 19750K .......... .......... .......... .......... ..........  638M
 19800K .......... .......... .......... .......... .......... 15.4M
 19850K .......... .......... .......... .......... ..........  641M
 19900K .......... .......... .......... .......... ..........  712M
 19950K .......... .......... .......... .......... ..........  829M
 20000K .......... .......... .......... .......... ..........  835M
 20050K .......... .......... .......... .......... ..........  753M
 20100K .......... .......... .......... .......... .......... 16.6M
 20150K .......... .......... .......... .......... ..........  428M
 20200K .......... .......... .......... .......... ..........  697M
 20250K .......... .......... .......... .......... ..........  792M
 20300K .......... .......... .......... .......... ..........  630M
 20350K .......... .......... .......... .......... .......... 21.5M
 20400K .......... .......... .......... .......... ..........  657M
 20450K .......... .......... .......... .......... ..........  817M
 20500K .......... .......... .......... .......... ..........  564M
 20550K .......... .......... .......... .......... ..........  410M
 20600K .......... .......... .......... .......... .......... 14.6M
 20650K .......... .......... .......... .......... ..........  620M
 20700K .......... .......... .......... .......... ..........  487M
 20750K .......... .......... .......... .......... ..........  938M
 20800K .......... .......... .......... .......... ..........  719M
 20850K .......... .......... .......... .......... .......... 12.4M
 20900K .......... .......... .......... .......... ..........  606M
 20950K .......... .......... .......... .......... ..........  790M
 21000K .......... .......... .......... .......... ..........  512M
 21050K .......... .......... .......... .......... ..........  590M
 21100K .......... .......... .......... .......... .......... 14.4M
 21150K .......... .......... .......... .......... ..........  787M
 21200K .......... .......... .......... .......... ..........  802M
 21250K .......... .......... .......... .......... ..........  647M
 21300K .......... .......... .......... .......... ..........  683M
 21350K .......... .......... .......... .......... .......... 11.7M
 21400K .......... .......... .......... .......... ..........  416M
 21450K .......... .......... .......... .......... ..........  562M
 21500K .......... .......... .......... .......... ..........  762M
 21550K .......... .......... .......... .......... ..........  824M
 21600K .......... .......... .......... .......... .......... 14.4M
 21650K .......... .......... .......... .......... ..........  671M
 21700K .......... .......... .......... .......... ..........  632M
 21750K .......... .......... .......... .......... ..........  428M
 21800K .......... .......... .......... .......... ..........  448M
 21850K .......... .......... .......... .......... .......... 62.6M
 21900K .......... .......... .......... .......... .......... 11.4M
 21950K .......... .......... .......... .......... ..........  622M
 22000K .......... .......... .......... .......... ..........  682M
 22050K .......... .......... .......... .......... ..........  710M
 22100K .......... .......... .......... .......... ..........  741M
 22150K .......... .......... .......... .......... .......... 10.4M
 22200K .......... .......... .......... .......... ..........  572M
 22250K .......... .......... .......... .......... ..........  311M
 22300K .......... .......... .......... .......... ..........  714M
 22350K .......... .......... .......... .......... ..........  821M
 22400K .......... .......... .......... .......... .......... 10.6M
 22450K .......... .......... .......... .......... ..........  824M
 22500K .......... .......... .......... .......... ..........  580M
 22550K .......... .......... .......... .......... ..........  452M
 22600K .......... .......... .......... .......... ..........  545M
 22650K .......... .......... .......... .......... .......... 10.9M
 22700K .......... .......... .......... .......... ..........  759M
 22750K .......... .......... .......... .......... ..........  851M
 22800K .......... .......... .......... .......... ..........  666M
 22850K .......... .......... .......... .......... ..........  752M
 22900K .......... .......... .......... .......... .......... 10.3M
 22950K .......... .......... .......... .......... ..........  728M
 23000K .......... .......... .......... .......... ..........  534M
 23050K .......... .......... .......... .......... ..........  611M
 23100K .......... .......... .......... .......... ..........  406M
 23150K .......... .......... .......... .......... .......... 8.63M
 23200K .......... .......... .......... .......... ..........  623M
 23250K .......... .......... .......... .......... ..........  814M
 23300K .......... .......... .......... .......... ..........  729M
 23350K .......... .......... .......... .......... ..........  796M
 23400K .......... .......... .......... .......... .......... 9.99M
 23450K .......... .......... .......... .......... ..........  456M
 23500K .......... .......... .......... .......... ..........  395M
 23550K .......... .......... .......... .......... ..........  858M
 23600K .......... .......... .......... .......... ..........  730M
 23650K .......... .......... .......... .......... .......... 9.82M
 23700K .......... .......... .......... .......... ..........  758M
 23750K .......... .......... .......... .......... ..........  673M
 23800K .......... .......... .......... .......... ..........  588M
 23850K .......... .......... .......... .......... ..........  414M
 23900K .......... .......... .......... .......... .......... 9.25M
 23950K .......... .......... .......... .......... ..........  600M
 24000K .......... .......... .......... .......... ..........  646M
 24050K .......... .......... .......... .......... ..........  536M
 24100K .......... .......... .......... .......... ..........  716M
 24150K .......... .......... .......... .......... ..........  467M
 24200K .......... .......... .......... .......... .......... 11.5M
 24250K .......... .......... .......... .......... ..........  695M
 24300K .......... .......... .......... .......... ..........  536M
 24350K .......... .......... .......... .......... ..........  656M
 24400K .......... .......... .......... .......... ..........  583M
 24450K .......... .......... .......... .......... .......... 9.33M
 24500K .......... .......... .......... .......... ..........  708M
 24550K .......... .......... .......... .......... ..........  669M
 24600K .......... .......... .......... .......... ..........  764M
 24650K .......... .......... .......... .......... ..........  718M
 24700K .......... .......... .......... .......... .......... 9.76M
 24750K .......... .......... .......... .......... ..........  583M
 24800K .......... .......... .......... .......... ..........  817M
 24850K .......... .......... .......... .......... ..........  664M
 24900K .......... .......... .......... .......... ..........  686M
 24950K .......... .......... .......... .......... .......... 9.83M
 25000K .......... .......... .......... .......... ..........  431M
 25050K .......... .......... .......... .......... ..........  648M
 25100K .......... .......... .......... .......... ..........  842M
 25150K .......... .......... .......... .......... ..........  757M
 25200K .......... .......... .......... .......... .......... 9.86M
 25250K .......... .......... .......... .......... ..........  685M
 25300K .......... .......... .......... .......... ..........  528M
 25350K .......... .......... .......... .......... ..........  535M
 25400K .......... .......... .......... .......... ..........  833M
 25450K .......... .......... .......... .......... .......... 9.29M
 25500K .......... .......... .......... .......... ..........  649M
 25550K .......... .......... .......... .......... ..........  701M
 25600K .......... .......... .......... .......... ..........  673M
 25650K .......... .......... .......... .......... ..........  365M
 25700K .......... .......... .......... .......... .......... 9.27M
 25750K .......... .......... .......... .......... ..........  785M
 25800K .......... .......... .......... .......... ..........  674M
 25850K .......... .......... .......... .......... ..........  362M
 25900K .......... .......... .......... .......... ..........  643M
 25950K .......... .......... .......... .......... .......... 9.41M
 26000K .......... .......... .......... .......... ..........  401M
 26050K .......... .......... .......... .......... ..........  525M
 26100K .......... .......... .......... .......... ..........  708M
 26150K .......... .......... .......... .......... ..........  598M
 26200K .......... .......... .......... .......... .......... 9.92M
 26250K .......... .......... .......... .......... ..........  914M
 26300K .......... .......... .......... .......... ..........  417M
 26350K .......... .......... .......... .......... ..........  807M
 26400K .......... .......... .......... .......... ..........  502M
 26450K .......... .......... .......... .......... .......... 1015M
 26500K .......... .......... .......... .......... .......... 10.2M
 26550K .......... .......... .......... .......... ..........  700M
 26600K .......... .......... .......... .......... ..........  728M
 26650K .......... .......... .......... .......... ..........  697M
 26700K .......... .......... .......... .......... ..........  748M
 26750K .......... .......... .......... .......... .......... 9.49M
 26800K .......... .......... .......... .......... ..........  397M
 26850K .......... .......... .......... .......... ..........  615M
 26900K .......... .......... .......... .......... ..........  593M
 26950K .......... .......... .......... .......... ..........  690M
 27000K .......... .......... .......... .......... .......... 9.89M
 27050K .......... .......... .......... .......... ..........  730M
 27100K .......... .......... .......... .......... ..........  720M
 27150K .......... .......... .......... .......... ..........  439M
 27200K .......... .......... .......... .......... ..........  477M
 27250K .......... .......... .......... .......... .......... 9.90M
 27300K .......... .......... .......... .......... ..........  597M
 27350K .......... .......... .......... .......... ..........  557M
 27400K .......... .......... .......... .......... ..........  627M
 27450K .......... .......... .......... .......... ..........  774M
 27500K .......... .......... .......... .......... .......... 8.93M
 27550K .......... .......... .......... .......... ..........  708M
 27600K .......... .......... .......... .......... ..........  692M
 27650K .......... .......... .......... .......... ..........  866M
 27700K .......... .......... .......... .......... ..........  593M
 27750K .......... .......... .......... .......... .......... 9.65M
 27800K .......... .......... .......... .......... ..........  657M
 27850K .......... .......... .......... .......... ..........  783M
 27900K .......... .......... .......... .......... ..........  604M
 27950K .......... .......... .......... .......... ..........  864M
 28000K .......... .......... .......... .......... .......... 11.1M
 28050K .......... .......... .......... .......... ..........  408M
 28100K .......... .......... .......... .......... ..........  663M
 28150K .......... .......... .......... .......... ..........  584M
 28200K .......... .......... .......... .......... ..........  725M
 28250K .......... .......... .......... .......... ..........  428M
 28300K .......... .......... .......... .......... .......... 8.16M
 28350K .......... .......... .......... .......... ..........  268M
 28400K .......... .......... .......... .......... ..........  572M
 28450K .......... .......... .......... .......... ..........  502M
 28500K .......... .......... .......... .......... ..........  741M
 28550K .......... .......... .......... .......... .......... 6.63M
 28600K .......... .......... .......... .......... ..........  369M
 28650K .......... .......... .......... .......... ..........  849M
 28700K .......... .......... .......... .......... ..........  787M
 28750K .......... .......... .......... .......... ..........  665M
 28800K .......... .......... .......... .......... .......... 9.19M
 28850K .......... .......... .......... .......... ..........  725M
 28900K .......... .......... .......... .......... ..........  310M
 28950K .......... .......... .......... .......... ..........  674M
 29000K .......... .......... .......... .......... ..........  583M
 29050K .......... .......... .......... .......... .......... 9.10M
 29100K .......... .......... .......... .......... ..........  929M
 29150K .......... .......... .......... .......... ..........  694M
 29200K .......... .......... .......... .......... ..........  770M
 29250K .......... .......... .......... .......... ..........  463M
 29300K .......... .......... .......... .......... .......... 9.05M
 29350K .......... .......... .......... .......... ..........  840M
 29400K .......... .......... .......... .......... ..........  742M
 29450K .......... .......... .......... .......... ..........  596M
 29500K .......... .......... .......... .......... ..........  756M
 29550K .......... .......... .......... .......... .......... 8.94M
 29600K .......... .......... .......... .......... ..........  345M
 29650K .......... .......... .......... .......... ..........  549M
 29700K .......... .......... .......... .......... ..........  295M
 29750K .......... .......... .......... .......... ..........  757M
 29800K .......... .......... .......... .......... .......... 6.57M
 29850K .......... .......... .......... .......... ..........  459M
 29900K .......... .......... .......... .......... ..........  888M
 29950K .......... .......... .......... .......... ..........  797M
 30000K .......... .......... .......... .......... ..........  797M
 30050K .......... .......... .......... .......... .......... 6.46M
 30100K .......... .......... .......... .......... ..........  250M
 30150K .......... .......... .......... .......... ..........  507M
 30200K .......... .......... .......... .......... ..........  702M
 30250K .......... .......... .......... .......... ..........  810M
 30300K .......... .......... .......... .......... .......... 4.95M
 30350K .......... .......... .......... .......... ..........  595M
 30400K .......... .......... .......... .......... ..........  761M
 30450K .......... .......... .......... .......... ..........  305M
 30500K .......... .......... .......... .......... ..........  331M
 30550K .......... .......... .......... .......... ..........  718M
 30600K .......... .......... .......... .......... .......... 8.32M
 30650K .......... .......... .......... .......... ..........  589M
 30700K .......... .......... .......... .......... ..........  643M
 30750K .......... .......... .......... .......... ..........  431M
 30800K .......... .......... .......... .......... ..........  537M
 30850K .......... .......... .......... .......... .......... 5.65M
 30900K .......... .......... .......... .......... ..........  839M
 30950K .......... .......... .......... .......... ..........  675M
 31000K .......... .......... .......... .......... ..........  800M
 31050K .......... .......... .......... .......... ..........  174M
 31100K .......... .......... .......... .......... .......... 5.50M
 31150K .......... .......... .......... .......... ..........  587M
 31200K .......... .......... .......... .......... ..........  841M
 31250K .......... .......... .......... .......... ..........  804M
 31300K .......... .......... .......... .......... ..........  732M
 31350K .......... .......... .......... .......... .......... 7.98M
 31400K .......... .......... .......... .......... ..........  518M
 31450K .......... .......... .......... .......... ..........  674M
 31500K .......... .......... .......... .......... ..........  839M
 31550K .......... .......... .......... .......... ..........  904M
 31600K .......... .......... .......... .......... .......... 6.06M
 31650K .......... .......... .......... .......... ..........  792M
 31700K .......... .......... .......... .......... ..........  258M
 31750K .......... .......... .......... .......... ..........  756M
 31800K .......... .......... .......... .......... ..........  686M
 31850K .......... .......... .......... .......... .......... 5.02M
 31900K .......... .......... .......... .......... ..........  629M
 31950K .......... .......... .......... .......... ..........  748M
 32000K .......... .......... .......... .......... ..........  842M
 32050K .......... .......... .......... .......... ..........  587M
 32100K .......... .......... .......... .......... .......... 9.54M
 32150K .......... .......... .......... .......... ..........  812M
 32200K .......... .......... .......... .......... ..........  839M
 32250K .......... .......... .......... .......... ..........  819M
 32300K .......... .......... .......... .......... ..........  627M
 32350K .......... .......... .......... .......... .......... 6.28M
 32400K .......... .......... .......... .......... ..........  809M
 32450K .......... .......... .......... .......... ..........  854M
 32500K .......... .......... .......... .......... ..........  640M
 32550K .......... .......... .......... .......... ..........  858M
 32600K .......... .......... .......... .......... .......... 78.7K
 32650K .......... .......... .......... .......... ..........  418M
 32700K .......... .......... .......... .......... ..........  848M
 32750K .......... .......... .......... .......... ..........  906M
 32800K .......... .......... .......... .......... ..........  660M
 32850K .......... .......... .......... .......... ..........  848M
 32900K .......... .......... .......... .......... .......... 2.32M
 32950K .......... .......... .......... .......... ..          846M=1.4s

2026-09-16 03:07:32 (22.8 MB/s) - written to stdout [33784208]

npm WARN using --force Recommended protections disabled.
npm WARN ERESOLVE overriding peer dependency
npm WARN While resolving: rollup-plugin-uglify@6.0.4
npm WARN Found: rollup@2.69.0
npm WARN node_modules/rollup
npm WARN   peer rollup@"^1.20.0||^2.0.0" from @rollup/plugin-babel@5.3.0
npm WARN   node_modules/@rollup/plugin-babel
npm WARN     dev @rollup/plugin-babel@"^5.3.0" from xstate@4.38.3
npm WARN     packages/core
npm WARN   12 more (xstate, @xstate/fsm, @xstate/inspect, @xstate/react, ...)
npm WARN 
npm WARN Could not resolve dependency:
npm WARN peer rollup@"^2.30.0" from @rollup/plugin-commonjs@17.0.0
npm WARN node_modules/@rollup/plugin-commonjs
npm WARN   dev @rollup/plugin-commonjs@"^17.0.0" from @xstate/inspect@0.8.0
npm WARN   packages/xstate-inspect
npm WARN   1 more (@xstate/react)
npm WARN ERESOLVE overriding peer dependency
npm WARN While resolving: rollup-plugin-uglify@6.0.4
npm WARN Found: rollup@2.69.0
npm WARN node_modules/rollup
npm WARN   peer rollup@"^1.20.0||^2.0.0" from @rollup/plugin-babel@5.3.0
npm WARN   node_modules/@rollup/plugin-babel
npm WARN     dev @rollup/plugin-babel@"^5.3.0" from xstate@4.38.3
npm WARN     packages/core
npm WARN   12 more (xstate, @xstate/fsm, @xstate/inspect, @xstate/react, ...)
npm WARN 
npm WARN Could not resolve dependency:
npm WARN peer rollup@"^2.30.0" from @rollup/plugin-commonjs@17.0.0
npm WARN node_modules/@rollup/plugin-commonjs
npm WARN   dev @rollup/plugin-commonjs@"^17.0.0" from @xstate/inspect@0.8.0
npm WARN   packages/xstate-inspect
npm WARN   1 more (@xstate/react)
npm WARN ERESOLVE overriding peer dependency
npm WARN deprecated osenv@0.1.5: This package is no longer supported.
npm WARN deprecated resolve-url@0.2.1: https://github.com/lydell/resolve-url#deprecated
npm WARN deprecated urix@0.1.0: Please see https://github.com/lydell/urix#deprecated
npm WARN deprecated source-map-url@0.4.0: See https://github.com/lydell/source-map-url#deprecated
npm WARN deprecated is-accessor-descriptor@1.0.0: Please upgrade to v1.0.1
npm WARN deprecated is-data-descriptor@1.0.0: Please upgrade to v1.0.1
npm WARN deprecated is-accessor-descriptor@1.0.0: Please upgrade to v1.0.1
npm WARN deprecated is-data-descriptor@1.0.0: Please upgrade to v1.0.1
npm WARN deprecated uuid@3.4.0: uuid@10 and below is no longer supported.  For ESM codebases, update to uuid@latest.  For CommonJS codebases, use uuid@11 (but be aware this version will likely be deprecated in 2028).
npm WARN deprecated source-map-resolve@0.5.3: See https://github.com/lydell/source-map-resolve#deprecated
npm WARN deprecated formidable@1.0.17: Please upgrade to latest, formidable@v2 or formidable@v3! Check these notes: https://bit.ly/2ZEqIau
npm WARN deprecated is-data-descriptor@0.1.4: Please upgrade to v0.1.5
npm WARN deprecated is-accessor-descriptor@0.1.6: Please upgrade to v0.1.7
npm WARN deprecated is-data-descriptor@1.0.0: Please upgrade to v1.0.1
npm WARN deprecated is-accessor-descriptor@1.0.0: Please upgrade to v1.0.1
npm WARN deprecated source-map-resolve@0.6.0: See https://github.com/lydell/source-map-resolve#deprecated
npm WARN deprecated consolidate@0.16.0: Please upgrade to consolidate v1.0.0+ as it has been modernized with several long-awaited fixes implemented. Maintenance is supported by Forward Email at https://forwardemail.net ; follow/watch https://github.com/ladjs/consolidate for updates and release changelog
npm WARN deprecated @babel/plugin-proposal-unicode-property-regex@7.18.6: This proposal has been merged to the ECMAScript standard and thus this plugin is no longer maintained. Please use @babel/plugin-transform-unicode-property-regex instead.
npm WARN deprecated @babel/plugin-proposal-private-methods@7.18.6: This proposal has been merged to the ECMAScript standard and thus this plugin is no longer maintained. Please use @babel/plugin-transform-private-methods instead.
npm WARN deprecated @babel/plugin-proposal-optional-chaining@7.18.9: This proposal has been merged to the ECMAScript standard and thus this plugin is no longer maintained. Please use @babel/plugin-transform-optional-chaining instead.
npm WARN deprecated @babel/plugin-proposal-numeric-separator@7.18.6: This proposal has been merged to the ECMAScript standard and thus this plugin is no longer maintained. Please use @babel/plugin-transform-numeric-separator instead.
npm WARN deprecated @babel/plugin-proposal-private-property-in-object@7.18.6: This proposal has been merged to the ECMAScript standard and thus this plugin is no longer maintained. Please use @babel/plugin-transform-private-property-in-object instead.
npm WARN deprecated @babel/plugin-proposal-json-strings@7.18.6: This proposal has been merged to the ECMAScript standard and thus this plugin is no longer maintained. Please use @babel/plugin-transform-json-strings instead.
npm WARN deprecated @babel/plugin-proposal-export-namespace-from@7.18.9: This proposal has been merged to the ECMAScript standard and thus this plugin is no longer maintained. Please use @babel/plugin-transform-export-namespace-from instead.
npm WARN deprecated @babel/plugin-proposal-logical-assignment-operators@7.18.9: This proposal has been merged to the ECMAScript standard and thus this plugin is no longer maintained. Please use @babel/plugin-transform-logical-assignment-operators instead.
npm WARN deprecated @babel/plugin-proposal-nullish-coalescing-operator@7.18.6: This proposal has been merged to the ECMAScript standard and thus this plugin is no longer maintained. Please use @babel/plugin-transform-nullish-coalescing-operator instead.
npm WARN deprecated @babel/plugin-proposal-optional-catch-binding@7.18.6: This proposal has been merged to the ECMAScript standard and thus this plugin is no longer maintained. Please use @babel/plugin-transform-optional-catch-binding instead.
npm WARN deprecated @babel/plugin-proposal-dynamic-import@7.18.6: This proposal has been merged to the ECMAScript standard and thus this plugin is no longer maintained. Please use @babel/plugin-transform-dynamic-import instead.
npm WARN deprecated @babel/plugin-proposal-async-generator-functions@7.19.1: This proposal has been merged to the ECMAScript standard and thus this plugin is no longer maintained. Please use @babel/plugin-transform-async-generator-functions instead.
npm WARN deprecated @babel/plugin-proposal-class-static-block@7.18.6: This proposal has been merged to the ECMAScript standard and thus this plugin is no longer maintained. Please use @babel/plugin-transform-class-static-block instead.
npm WARN deprecated @babel/plugin-proposal-class-properties@7.18.6: This proposal has been merged to the ECMAScript standard and thus this plugin is no longer maintained. Please use @babel/plugin-transform-class-properties instead.
npm WARN deprecated solid-testing-library@0.3.0: This package is now available at @solidjs/testing-library
npm WARN deprecated har-validator@5.1.5: this library is no longer supported
npm WARN deprecated is-accessor-descriptor@1.0.0: Please upgrade to v1.0.1
npm WARN deprecated is-data-descriptor@1.0.0: Please upgrade to v1.0.1
npm WARN deprecated rimraf@2.7.1: Rimraf versions prior to v4 are no longer supported
npm WARN deprecated whatwg-encoding@1.0.5: Use @exodus/bytes instead for a more spec-conformant and faster implementation
npm WARN deprecated request-promise-native@1.0.9: request-promise-native has been deprecated because it extends the now deprecated request package, see https://github.com/request/request/issues/3142
npm WARN deprecated domexception@1.0.1: Use your platform's native DOMException instead
npm WARN deprecated abab@2.0.5: Use your platform's native atob() and btoa() methods instead
npm WARN deprecated is-data-descriptor@1.0.0: Please upgrade to v1.0.1
npm WARN deprecated @babel/plugin-proposal-object-rest-spread@7.18.9: This proposal has been merged to the ECMAScript standard and thus this plugin is no longer maintained. Please use @babel/plugin-transform-object-rest-spread instead.
npm WARN deprecated is-accessor-descriptor@1.0.0: Please upgrade to v1.0.1
npm WARN deprecated domexception@2.0.1: Use your platform's native DOMException instead
npm WARN deprecated w3c-hr-time@1.0.2: Use your platform's native performance.now() and performance.timeOrigin.
npm WARN deprecated sourcemap-codec@1.4.8: Please use @jridgewell/sourcemap-codec instead
npm WARN deprecated sane@4.1.0: some dependency vulnerabilities fixed, support for node < 10 dropped, and newer ECMAScript syntax/features added
npm WARN deprecated q@1.5.1: You or someone you depend on is using Q, the JavaScript Promise library that gave JavaScript developers strong feelings about promises. They can almost certainly migrate to the native JavaScript promise now. Thank you literally everyone for joining me in this bet against the odds. Be excellent to each other.
npm WARN deprecated 
npm WARN deprecated (For a CapTP with native promises, see @endo/eventual-send and @endo/captp)
npm WARN deprecated is-accessor-descriptor@1.0.0: Please upgrade to v1.0.1
npm WARN deprecated is-data-descriptor@1.0.0: Please upgrade to v1.0.1
npm WARN deprecated rimraf@3.0.2: Rimraf versions prior to v4 are no longer supported
npm WARN deprecated inflight@1.0.6: This module is not supported, and leaks memory. Do not use it. Check out lru-cache if you want a good and tested way to coalesce async requests by a key value, which is much more comprehensive and powerful.
npm WARN deprecated is-data-descriptor@1.0.0: Please upgrade to v1.0.1
npm WARN deprecated is-accessor-descriptor@1.0.0: Please upgrade to v1.0.1
npm WARN deprecated is-data-descriptor@1.0.0: Please upgrade to v1.0.1
npm WARN deprecated is-accessor-descriptor@1.0.0: Please upgrade to v1.0.1
npm WARN deprecated source-map-resolve@0.5.3: See https://github.com/lydell/source-map-resolve#deprecated
npm WARN deprecated is-accessor-descriptor@1.0.0: Please upgrade to v1.0.1
npm WARN deprecated is-data-descriptor@1.0.0: Please upgrade to v1.0.1
npm WARN deprecated is-data-descriptor@1.0.0: Please upgrade to v1.0.1
npm WARN deprecated is-accessor-descriptor@1.0.0: Please upgrade to v1.0.1
npm WARN deprecated glob@7.1.6: Old versions of glob are not supported, and contain widely publicized security vulnerabilities, which have been fixed in the current version. Please update. Support for old versions may be purchased (at exorbitant rates) by contacting i@izs.me
npm WARN deprecated rollup-plugin-terser@5.3.1: This package has been deprecated and is no longer maintained. Please use @rollup/plugin-terser
npm WARN deprecated rollup-plugin-replace@2.2.0: This module has moved and is now available at @rollup/plugin-replace. Please update your dependencies. This version is no longer maintained.
npm WARN deprecated is-accessor-descriptor@1.0.0: Please upgrade to v1.0.1
npm WARN deprecated is-data-descriptor@1.0.0: Please upgrade to v1.0.1
npm WARN deprecated glob@5.0.15: Old versions of glob are not supported, and contain widely publicized security vulnerabilities, which have been fixed in the current version. Please update. Support for old versions may be purchased (at exorbitant rates) by contacting i@izs.me
npm WARN deprecated acorn-import-assertions@1.9.0: package has been renamed to acorn-import-attributes
npm WARN deprecated is-data-descriptor@1.0.0: Please upgrade to v1.0.1
npm WARN deprecated is-accessor-descriptor@1.0.0: Please upgrade to v1.0.1
npm WARN deprecated rimraf@2.7.1: Rimraf versions prior to v4 are no longer supported
npm WARN deprecated uuid@3.4.0: uuid@10 and below is no longer supported.  For ESM codebases, update to uuid@latest.  For CommonJS codebases, use uuid@11 (but be aware this version will likely be deprecated in 2028).
npm WARN deprecated request@2.88.2: request has been deprecated, see https://github.com/request/request/issues/3142
npm WARN deprecated uuid@8.3.2: uuid@10 and below is no longer supported.  For ESM codebases, update to uuid@latest.  For CommonJS codebases, use uuid@11 (but be aware this version will likely be deprecated in 2028).
npm WARN deprecated superagent@1.8.5: Please upgrade to superagent v10.2.2+, see release notes at https://github.com/forwardemail/superagent/releases/tag/v10.2.2 - maintenance is supported by Forward Email @ https://forwardemail.net
npm WARN deprecated github@2.6.0: 'github' has been renamed to '@octokit/rest' (https://git.io/vNB11)
npm WARN deprecated core-js@2.6.12: core-js@<3.23.3 is no longer maintained and not recommended for usage due to the number of issues. Because of the V8 engine whims, feature detection in old core-js versions could cause a slowdown up to 100x even if nothing is polyfilled. Some versions have web compatibility issues. Please, upgrade your dependencies to the actual version of core-js.
npm WARN deprecated core-js-pure@3.8.1: core-js-pure@<3.23.3 is no longer maintained and not recommended for usage due to the number of issues. Because of the V8 engine whims, feature detection in old core-js versions could cause a slowdown up to 100x even if nothing is polyfilled. Some versions have web compatibility issues. Please, upgrade your dependencies to the actual version of core-js-pure.
npm notice 
npm notice New major version of npm available! 8.19.4 -> 10.2.1
npm notice Changelog: <https://github.com/npm/cli/releases/tag/v10.2.1>
npm notice Run `npm install -g npm@10.2.1` to update!
npm notice 
npm ERR! code 1
npm ERR! path /src/packages/xstate-analytics
npm ERR! command failed
npm ERR! command sh -c -- npm run build
npm ERR! > @xstate/analytics@0.0.1 build
npm ERR! > tsc
npm ERR! 
npm ERR! src/index.ts(3,26): error TS2307: Cannot find module 'xstate' or its corresponding type declarations.
npm ERR! npm WARN using --force Recommended protections disabled.
npm ERR! npm ERR! Lifecycle script `build` failed with error: 
npm ERR! npm ERR! Error: command failed 
npm ERR! npm ERR!   in workspace: @xstate/analytics@0.0.1 
npm ERR! npm ERR!   at location: /src/packages/xstate-analytics

npm ERR! A complete log of this run can be found in:
npm ERR!     /root/.npm/_logs/2026-09-16T03_07_32_531Z-debug-0.log
